


ARM Macro Assembler    Page 1 


    1 00000000         ; =============================================
    2 00000000         ; ========= ARRAY FUNCTIONS - SORTING =========
    3 00000000         ; =============================================
    4 00000000         
    5 00000000                 AREA             array_sort_utils, CODE, READONL
Y
    6 00000000                 THUMB
    7 00000000                 PRESERVE8
    8 00000000         
    9 00000000         ; ==============================================
   10 00000000         ; = EXPORTED FUNCTIONS
   11 00000000         ; ==============================================
   12 00000000                 EXPORT           Array_BubbleSortIncreasing_Byte
   13 00000000                 EXPORT           Array_BubbleSortIncreasing_Word
   14 00000000                 EXPORT           Array_BubbleSortDecreasing_Byte
   15 00000000                 EXPORT           Array_BubbleSortDecreasing_Word
   16 00000000                 EXPORT           Array_Reverse_Byte
   17 00000000                 EXPORT           Array_Reverse_Word
   18 00000000         
   19 00000000         
   20 00000000         ; ============================================
   21 00000000         ; = BUBBLE SORT - INCREASING (BYTE ARRAY)
   22 00000000         ; ============================================
   23 00000000         ; Sorts an unsigned char array in ascending order.
   24 00000000         ;
   25 00000000         ; Parameters:
   26 00000000         ;   R0 = number of elements (N)
   27 00000000         ;   R1 = pointer to byte array
   28 00000000         ;
   29 00000000         ; Returns: None
   30 00000000         Array_BubbleSortIncreasing_Byte
                               FUNCTION
   31 00000000 E92D 4DF0       STMFD            sp!, {r4-r8, r10-r11, lr}
   32 00000004         
   33 00000004 1E40            SUBS             r0, r0, #1
   34 00000006 DD19            BLE              sort_inc_byte_exit
   35 00000008         
   36 00000008 F04F 0501       MOV              r5, #1      ; swapped flag
   37 0000000C         
   38 0000000C         while_inc_byte
   39 0000000C 2D01            CMP              r5, #1
   40 0000000E D115            BNE              sort_inc_byte_exit
   41 00000010 F04F 0500       MOV              r5, #0
   42 00000014 F04F 0600       MOV              r6, #0      ; i = 0
   43 00000018         
   44 00000018         for_inc_byte
   45 00000018 EB01 0806       ADD              r8, r1, r6  ; current element i
                                                            ndex
   46 0000001C F898 4000       LDRB             r4, [r8]
   47 00000020 F898 7001       LDRB             r7, [r8, #1]
   48 00000024 42A7            CMP              r7, r4
   49 00000026 BFBE F888 
              4001             STRBLT           r4, [r8, #1]
   50 0000002C F888 7000       STRBLT           r7, [r8]
   51 00000030 2501            MOVLT            r5, #1
   52 00000032 F106 0601       ADD              r6, r6, #1
   53 00000036 4286            CMP              r6, r0
   54 00000038 DBEE            BLT              for_inc_byte
   55 0000003A E7E7            B                while_inc_byte



ARM Macro Assembler    Page 2 


   56 0000003C         
   57 0000003C         sort_inc_byte_exit
   58 0000003C E8BD 8DF0       LDMFD            sp!, {r4-r8, r10-r11, pc}
   59 00000040                 ENDFUNC
   60 00000040         
   61 00000040         
   62 00000040         ; ============================================
   63 00000040         ; = BUBBLE SORT - INCREASING (WORD ARRAY)
   64 00000040         ; ============================================
   65 00000040         ; Sorts a 32-bit integer array in ascending order.
   66 00000040         ;
   67 00000040         ; Parameters:
   68 00000040         ;   R0 = number of elements (N)
   69 00000040         ;   R1 = pointer to int array
   70 00000040         ;
   71 00000040         ; Returns: None
   72 00000040         Array_BubbleSortIncreasing_Word
                               FUNCTION
   73 00000040 E92D 4DF0       STMFD            sp!, {r4-r8, r10-r11, lr}
   74 00000044         
   75 00000044 1E40            SUBS             r0, r0, #1
   76 00000046 DD1C            BLE              sort_inc_exit
   77 00000048         
   78 00000048 F04F 0B01       MOV              r11, #1     ; swapped flag
   79 0000004C         
   80 0000004C         while_inc
   81 0000004C F1BB 0F01       CMP              r11, #1
   82 00000050 D117            BNE              sort_inc_exit
   83 00000052 F04F 0B00       MOV              r11, #0
   84 00000056 4605            MOV              r5, r0
   85 00000058 F04F 0600       MOV              r6, #0
   86 0000005C         
   87 0000005C         for_inc
   88 0000005C F851 4026       LDR              r4, [r1, r6, LSL #2] ; A[i]
   89 00000060 EB01 0886       ADD              r8, r1, r6, LSL #2
   90 00000064 F8D8 7004       LDR              r7, [r8, #4] ; A[i+1]
   91 00000068         
   92 00000068 42A7            CMP              r7, r4
   93 0000006A BFC2 F8C8 
              4004             STRGT            r4, [r8, #4]
   94 00000070 F841 7026       STRGT            r7, [r1, r6, LSL #2]
   95 00000074 F04F 0B01       MOVGT            r11, #1
   96 00000078         
   97 00000078 F106 0601       ADD              r6, r6, #1
   98 0000007C 1E6D            SUBS             r5, r5, #1
   99 0000007E DCED            BGT              for_inc
  100 00000080 E7E4            B                while_inc
  101 00000082         
  102 00000082         sort_inc_exit
  103 00000082 E8BD 8DF0       LDMFD            sp!, {r4-r8, r10-r11, pc}
  104 00000086                 ENDFUNC
  105 00000086         
  106 00000086         
  107 00000086         ; ============================================
  108 00000086         ; = BUBBLE SORT - DECREASING (BYTE ARRAY)
  109 00000086         ; ============================================
  110 00000086         ; Sorts an unsigned char array in descending order.
  111 00000086         ;
  112 00000086         ; Parameters:



ARM Macro Assembler    Page 3 


  113 00000086         ;   R0 = number of elements (N)
  114 00000086         ;   R1 = pointer to byte array
  115 00000086         ;
  116 00000086         ; Returns: None
  117 00000086         Array_BubbleSortDecreasing_Byte
                               FUNCTION
  118 00000086 E92D 4DF0       STMFD            sp!, {r4-r8, r10-r11, lr}
  119 0000008A         
  120 0000008A 1E40            SUBS             r0, r0, #1
  121 0000008C DD19            BLE              sort_dec_byte_exit
  122 0000008E         
  123 0000008E F04F 0501       MOV              r5, #1      ; swapped flag
  124 00000092         
  125 00000092         while_dec_byte
  126 00000092 2D01            CMP              r5, #1
  127 00000094 D115            BNE              sort_dec_byte_exit
  128 00000096 F04F 0500       MOV              r5, #0
  129 0000009A F04F 0600       MOV              r6, #0
  130 0000009E         
  131 0000009E         for_dec_byte
  132 0000009E EB01 0806       ADD              r8, r1, r6  ; current element i
                                                            ndex
  133 000000A2 F898 4000       LDRB             r4, [r8]
  134 000000A6 F898 7001       LDRB             r7, [r8, #1]
  135 000000AA 42BC            CMP              r4, r7
  136 000000AC BFBE F888 
              4001             STRBLT           r4, [r8, #1]
  137 000000B2 F888 7000       STRBLT           r7, [r8]
  138 000000B6 2501            MOVLT            r5, #1
  139 000000B8 F106 0601       ADD              r6, r6, #1
  140 000000BC 4286            CMP              r6, r0
  141 000000BE DBEE            BLT              for_dec_byte
  142 000000C0 E7E7            B                while_dec_byte
  143 000000C2         
  144 000000C2         sort_dec_byte_exit
  145 000000C2 E8BD 8DF0       LDMFD            sp!, {r4-r8, r10-r11, pc}
  146 000000C6                 ENDFUNC
  147 000000C6         
  148 000000C6         
  149 000000C6         ; ============================================
  150 000000C6         ; = BUBBLE SORT - DECREASING (WORD ARRAY)
  151 000000C6         ; ============================================
  152 000000C6         ; Sorts a 32-bit integer array in descending order.
  153 000000C6         ;
  154 000000C6         ; Parameters:
  155 000000C6         ;   R0 = number of elements (N)
  156 000000C6         ;   R1 = pointer to int array
  157 000000C6         ;
  158 000000C6         ; Returns: None
  159 000000C6         Array_BubbleSortDecreasing_Word
                               FUNCTION
  160 000000C6 E92D 4DF0       STMFD            sp!, {r4-r8, r10-r11, lr}
  161 000000CA         
  162 000000CA 1E40            SUBS             r0, r0, #1
  163 000000CC DD1C            BLE              sort_dec_exit
  164 000000CE         
  165 000000CE F04F 0B01       MOV              r11, #1     ; swapped flag
  166 000000D2         
  167 000000D2         while_dec



ARM Macro Assembler    Page 4 


  168 000000D2 F1BB 0F01       CMP              r11, #1
  169 000000D6 D117            BNE              sort_dec_exit
  170 000000D8 F04F 0B00       MOV              r11, #0
  171 000000DC 4605            MOV              r5, r0
  172 000000DE F04F 0600       MOV              r6, #0
  173 000000E2         
  174 000000E2         for_dec
  175 000000E2 F851 4026       LDR              r4, [r1, r6, LSL #2] ; A[i]
  176 000000E6 EB01 0886       ADD              r8, r1, r6, LSL #2
  177 000000EA F8D8 7004       LDR              r7, [r8, #4] ; A[i+1]
  178 000000EE         
  179 000000EE 42BC            CMP              r4, r7
  180 000000F0 BFC2 F8C8 
              4004             STRGT            r4, [r8, #4]
  181 000000F6 F841 7026       STRGT            r7, [r1, r6, LSL #2]
  182 000000FA F04F 0B01       MOVGT            r11, #1
  183 000000FE         
  184 000000FE F106 0601       ADD              r6, r6, #1
  185 00000102 1E6D            SUBS             r5, r5, #1
  186 00000104 DCED            BGT              for_dec
  187 00000106 E7E4            B                while_dec
  188 00000108         
  189 00000108         sort_dec_exit
  190 00000108 E8BD 8DF0       LDMFD            sp!, {r4-r8, r10-r11, pc}
  191 0000010C                 ENDFUNC
  192 0000010C         
  193 0000010C         ; =====================================================
  194 0000010C         ; = REVERSE ARRAY (in place) - byte version           =
  195 0000010C         ; =====================================================
  196 0000010C         ; Reverses a byte array in place.
  197 0000010C         ;
  198 0000010C         ; Parameters:
  199 0000010C         ;   R0 = pointer to the byte array
  200 0000010C         ;   R1 = number of elements in the array (N)
  201 0000010C         ;
  202 0000010C         ; Returns:
  203 0000010C         ;   None (array is reversed in place)
  204 0000010C         Array_Reverse_Byte
                               FUNCTION
  205 0000010C B5F0            STMFD            sp!, {r4-r7, lr}
  206 0000010E         
  207 0000010E F04F 0400       MOV              r4, #0      ; left index
  208 00000112 F1A1 0501       SUB              r5, r1, #1  ; right index = N-1
                                                            
  209 00000116         
  210 00000116         rev_loop_b
  211 00000116 42AC            CMP              r4, r5
  212 00000118 DA08            BGE              rev_exit_b
  213 0000011A 5D06            LDRB             r6, [r0, r4]
  214 0000011C 5D47            LDRB             r7, [r0, r5]
  215 0000011E 5507            STRB             r7, [r0, r4]
  216 00000120 5546            STRB             r6, [r0, r5]
  217 00000122 F104 0401       ADD              r4, r4, #1
  218 00000126 F1A5 0501       SUB              r5, r5, #1
  219 0000012A E7F4            B                rev_loop_b
  220 0000012C         
  221 0000012C         rev_exit_b
  222 0000012C BDF0            LDMFD            sp!, {r4-r7, pc}
  223 0000012E                 ENDFUNC



ARM Macro Assembler    Page 5 


  224 0000012E         
  225 0000012E         
  226 0000012E         ; =====================================================
  227 0000012E         ; = REVERSE ARRAY (in place) - word version           =
  228 0000012E         ; =====================================================
  229 0000012E         ; Reverses a word array in place.
  230 0000012E         ;
  231 0000012E         ; Parameters:
  232 0000012E         ;   R0 = pointer to the word array
  233 0000012E         ;   R1 = number of elements in the array (N)
  234 0000012E         ;
  235 0000012E         ; Returns:
  236 0000012E         ;   None (array is reversed in place)
  237 0000012E         Array_Reverse_Word
                               FUNCTION
  238 0000012E B5F0            STMFD            sp!, {r4-r7, lr}
  239 00000130         
  240 00000130 F04F 0400       MOV              r4, #0      ; left index
  241 00000134 F1A1 0501       SUB              r5, r1, #1  ; right index = N-1
                                                            
  242 00000138         
  243 00000138         rev_loop_w
  244 00000138 42AC            CMP              r4, r5
  245 0000013A DA0C            BGE              rev_exit_w
  246 0000013C         
  247 0000013C F850 6024       LDR              r6, [r0, r4, LSL #2] 
                                                            ; Load A[left]
  248 00000140 F850 7025       LDR              r7, [r0, r5, LSL #2] 
                                                            ; Load A[right]
  249 00000144         
  250 00000144 F840 7024       STR              r7, [r0, r4, LSL #2] 
                                                            ; Store to A[left]
  251 00000148 F840 6025       STR              r6, [r0, r5, LSL #2] 
                                                            ; Store to A[right]
                                                            
  252 0000014C         
  253 0000014C F104 0401       ADD              r4, r4, #1  ; increment index
  254 00000150 F1A5 0501       SUB              r5, r5, #1  ; decrement index
  255 00000154 E7F0            B                rev_loop_w
  256 00000156         
  257 00000156         rev_exit_w
  258 00000156 BDF0            LDMFD            sp!, {r4-r7, pc}
  259 00000158                 ENDFUNC
  260 00000158         
  261 00000158                 END
Command Line: --debug --xref --diag_suppress=9931,A1950W --cpu=Cortex-M3 --depe
nd=.\output\array_sort.d -o.\output\array_sort.o -I.\RTE\_LandTiger_LPC1768__re
lease_ -IC:\Keil_v5\ARM\PACK\ARM\CMSIS\6.1.0\CMSIS\Core\Include -IC:\Keil_v5\AR
M\PACK\Keil\LPC1700_DFP\2.7.1\Device\Include --predefine="__EVAL SETA 1" --pred
efine="__UVISION_VERSION SETA 540" --predefine="LPC175x_6x SETA 1" --predefine=
"_RTE_ SETA 1" --list=.\output\array_sort.lst array_sort.s



ARM Macro Assembler    Page 1 Alphabetic symbol ordering
Relocatable symbols

Array_BubbleSortDecreasing_Byte 00000086

Symbol: Array_BubbleSortDecreasing_Byte
   Definitions
      At line 117 in file array_sort.s
   Uses
      At line 14 in file array_sort.s
Comment: Array_BubbleSortDecreasing_Byte used once
Array_BubbleSortDecreasing_Word 000000C6

Symbol: Array_BubbleSortDecreasing_Word
   Definitions
      At line 159 in file array_sort.s
   Uses
      At line 15 in file array_sort.s
Comment: Array_BubbleSortDecreasing_Word used once
Array_BubbleSortIncreasing_Byte 00000000

Symbol: Array_BubbleSortIncreasing_Byte
   Definitions
      At line 30 in file array_sort.s
   Uses
      At line 12 in file array_sort.s
Comment: Array_BubbleSortIncreasing_Byte used once
Array_BubbleSortIncreasing_Word 00000040

Symbol: Array_BubbleSortIncreasing_Word
   Definitions
      At line 72 in file array_sort.s
   Uses
      At line 13 in file array_sort.s
Comment: Array_BubbleSortIncreasing_Word used once
Array_Reverse_Byte 0000010C

Symbol: Array_Reverse_Byte
   Definitions
      At line 204 in file array_sort.s
   Uses
      At line 16 in file array_sort.s
Comment: Array_Reverse_Byte used once
Array_Reverse_Word 0000012E

Symbol: Array_Reverse_Word
   Definitions
      At line 237 in file array_sort.s
   Uses
      At line 17 in file array_sort.s
Comment: Array_Reverse_Word used once
array_sort_utils 00000000

Symbol: array_sort_utils
   Definitions
      At line 5 in file array_sort.s
   Uses
      None
Comment: array_sort_utils unused
for_dec 000000E2

Symbol: for_dec



ARM Macro Assembler    Page 2 Alphabetic symbol ordering
Relocatable symbols

   Definitions
      At line 174 in file array_sort.s
   Uses
      At line 186 in file array_sort.s
Comment: for_dec used once
for_dec_byte 0000009E

Symbol: for_dec_byte
   Definitions
      At line 131 in file array_sort.s
   Uses
      At line 141 in file array_sort.s
Comment: for_dec_byte used once
for_inc 0000005C

Symbol: for_inc
   Definitions
      At line 87 in file array_sort.s
   Uses
      At line 99 in file array_sort.s
Comment: for_inc used once
for_inc_byte 00000018

Symbol: for_inc_byte
   Definitions
      At line 44 in file array_sort.s
   Uses
      At line 54 in file array_sort.s
Comment: for_inc_byte used once
rev_exit_b 0000012C

Symbol: rev_exit_b
   Definitions
      At line 221 in file array_sort.s
   Uses
      At line 212 in file array_sort.s
Comment: rev_exit_b used once
rev_exit_w 00000156

Symbol: rev_exit_w
   Definitions
      At line 257 in file array_sort.s
   Uses
      At line 245 in file array_sort.s
Comment: rev_exit_w used once
rev_loop_b 00000116

Symbol: rev_loop_b
   Definitions
      At line 210 in file array_sort.s
   Uses
      At line 219 in file array_sort.s
Comment: rev_loop_b used once
rev_loop_w 00000138

Symbol: rev_loop_w
   Definitions
      At line 243 in file array_sort.s
   Uses



ARM Macro Assembler    Page 3 Alphabetic symbol ordering
Relocatable symbols

      At line 255 in file array_sort.s
Comment: rev_loop_w used once
sort_dec_byte_exit 000000C2

Symbol: sort_dec_byte_exit
   Definitions
      At line 144 in file array_sort.s
   Uses
      At line 121 in file array_sort.s
      At line 127 in file array_sort.s

sort_dec_exit 00000108

Symbol: sort_dec_exit
   Definitions
      At line 189 in file array_sort.s
   Uses
      At line 163 in file array_sort.s
      At line 169 in file array_sort.s

sort_inc_byte_exit 0000003C

Symbol: sort_inc_byte_exit
   Definitions
      At line 57 in file array_sort.s
   Uses
      At line 34 in file array_sort.s
      At line 40 in file array_sort.s

sort_inc_exit 00000082

Symbol: sort_inc_exit
   Definitions
      At line 102 in file array_sort.s
   Uses
      At line 76 in file array_sort.s
      At line 82 in file array_sort.s

while_dec 000000D2

Symbol: while_dec
   Definitions
      At line 167 in file array_sort.s
   Uses
      At line 187 in file array_sort.s
Comment: while_dec used once
while_dec_byte 00000092

Symbol: while_dec_byte
   Definitions
      At line 125 in file array_sort.s
   Uses
      At line 142 in file array_sort.s
Comment: while_dec_byte used once
while_inc 0000004C

Symbol: while_inc
   Definitions
      At line 80 in file array_sort.s



ARM Macro Assembler    Page 4 Alphabetic symbol ordering
Relocatable symbols

   Uses
      At line 100 in file array_sort.s
Comment: while_inc used once
while_inc_byte 0000000C

Symbol: while_inc_byte
   Definitions
      At line 38 in file array_sort.s
   Uses
      At line 55 in file array_sort.s
Comment: while_inc_byte used once
23 symbols
357 symbols in table
