


ARM Macro Assembler    Page 1 


    1 00000000         ; =====================================
    2 00000000         ; ========= BITWISE FUNCTIONS ========= 
    3 00000000         ; =====================================
    4 00000000         
    5 00000000                 AREA             bitwise_utils, CODE, READONLY
    6 00000000                 THUMB
    7 00000000                 PRESERVE8
    8 00000000         
    9 00000000         ; ==============================================
   10 00000000         ; = EXPORTED FUNCTIONS
   11 00000000         ; ==============================================
   12 00000000                 EXPORT           Bitwise_GetCountSetBits_V1
   13 00000000                 EXPORT           Bitwise_GetCountSetBits_V2
   14 00000000                 EXPORT           Bitwise_GetC2_32bit
   15 00000000                 EXPORT           Bitwise_GetC2_64bit
   16 00000000                 EXPORT           Bitwise_GetCountLeadingZero
   17 00000000         
   18 00000000         
   19 00000000         ; ====================
   20 00000000         ; = COUNT SET BITS   =
   21 00000000         ; ====================
   22 00000000         ; Brian Kernighan's algorithm (fast and efficient)
   23 00000000         ;
   24 00000000         ; Parameters:
   25 00000000         ;   R0 = input number (32-bit)
   26 00000000         ;
   27 00000000         ; Returns:
   28 00000000         ;   R0 = number of set bits (1s) in the input
   29 00000000         Bitwise_GetCountSetBits_V1
                               FUNCTION
   30 00000000 B530            STMFD            sp!, {r4-r5, lr}
   31 00000002         
   32 00000002 F04F 0400       MOV              r4, #0      ; counter = 0
   33 00000006         
   34 00000006         count_loop_v1
   35 00000006 2800            CMP              r0, #0
   36 00000008 D006            BEQ              exit_count_v1
   37 0000000A         
   38 0000000A F1A0 0501       SUB              r5, r0, #1
   39 0000000E EA00 0005       AND              r0, r0, r5  ; n = n & (n-1)
   40 00000012 F104 0401       ADD              r4, r4, #1
   41 00000016 E7F6            B                count_loop_v1
   42 00000018         
   43 00000018         exit_count_v1
   44 00000018 4620            MOV              r0, r4      ; return count
   45 0000001A BD30            LDMFD            sp!, {r4-r5, pc}
   46 0000001C                 ENDFUNC
   47 0000001C         
   48 0000001C         
   49 0000001C         ; ==================
   50 0000001C         ; = COUNT SET BITS =
   51 0000001C         ; ==================
   52 0000001C         ; Simple bit-by-bit counting method (always 32 iteration
                       s)
   53 0000001C         ;
   54 0000001C         ; Parameters:
   55 0000001C         ;   R0 = input number (32-bit)
   56 0000001C         ;
   57 0000001C         ; Returns:



ARM Macro Assembler    Page 2 


   58 0000001C         ;   R0 = number of set bits (1s) in the input
   59 0000001C         Bitwise_GetCountSetBits_V2
                               FUNCTION
   60 0000001C E92D 4DF0       STMFD            sp!, {r4-r8, r10-r11, lr}
   61 00000020         
   62 00000020 F04F 0120       MOV              r1, #32     ; 32 bits to check
   63 00000024 F04F 0200       MOV              r2, #0      ; counter = 0
   64 00000028         
   65 00000028         loop_count_bits
   66 00000028 0040            LSLS             r0, r0, #1
   67 0000002A BF28 1C52       ADDCS            r2, r2, #1  ; if carry flag is 
                                                            set, increment coun
                                                            ter
   68 0000002E 1E49            SUBS             r1, r1, #1
   69 00000030 D1FA            BNE              loop_count_bits
   70 00000032         
   71 00000032 4610            MOV              r0, r2      ; return count
   72 00000034 E8BD 8DF0       LDMFD            sp!, {r4-r8, r10-r11, pc}
   73 00000038                 ENDFUNC
   74 00000038         
   75 00000038         
   76 00000038         ; =========================
   77 00000038         ; = 32-BIT 2'S COMPLEMENT =
   78 00000038         ; =========================
   79 00000038         ; Computes the two's complement of a 32-bit number
   80 00000038         ;
   81 00000038         ; Parameters:
   82 00000038         ;   R0 = input number (32-bit)
   83 00000038         ;
   84 00000038         ; Returns:
   85 00000038         ;   R0 = two's complement of the input number
   86 00000038         Bitwise_GetC2_32bit
                               FUNCTION
   87 00000038 E92D 4DF0       STMFD            sp!, {r4-r8, r10-r11, lr}
   88 0000003C         
   89 0000003C EA6F 0000       MVN              r0, r0      ; bitwise NOT
   90 00000040 F100 0001       ADD              r0, r0, #1  ; add 1
   91 00000044         
   92 00000044 E8BD 8DF0       LDMFD            sp!, {r4-r8, r10-r11, pc}
   93 00000048                 ENDFUNC
   94 00000048         
   95 00000048         
   96 00000048         ; =========================
   97 00000048         ; = 64-BIT 2'S COMPLEMENT =
   98 00000048         ; =========================
   99 00000048         ; Computes the two's complement of a 64-bit number
  100 00000048         ;
  101 00000048         ; Parameters:
  102 00000048         ;   R0 = upper 32 bits of the input number
  103 00000048         ;   R1 = lower 32 bits of the input number
  104 00000048         ;
  105 00000048         ; Returns:
  106 00000048         ;   R0 = upper 32 bits of the result
  107 00000048         ;   R1 = lower 32 bits of the result
  108 00000048         Bitwise_GetC2_64bit
                               FUNCTION
  109 00000048 E92D 4DF0       STMFD            sp!, {r4-r8, r10-r11, lr}
  110 0000004C         
  111 0000004C EA6F 0000       MVN              r0, r0      ; invert upper bits



ARM Macro Assembler    Page 3 


                                                            
  112 00000050 EA6F 0101       MVN              r1, r1      ; invert lower bits
                                                            
  113 00000054         
  114 00000054 1C49            ADDS             r1, r1, #1  ; add 1 to lower 32
                                                             bits
  115 00000056 D701            BVC              no_carry
  116 00000058 F100 0001       ADD              r0, r0, #1  ; propagate carry t
                                                            o upper bits if nee
                                                            ded
  117 0000005C         
  118 0000005C         no_carry
  119 0000005C E8BD 8DF0       LDMFD            sp!, {r4-r8, r10-r11, pc}
  120 00000060                 ENDFUNC
  121 00000060         
  122 00000060         
  123 00000060         ; ======================
  124 00000060         ; = COUNT LEADING ZERO =
  125 00000060         ; ======================
  126 00000060         ; Counts the number of leading zeros in a 32-bit value
  127 00000060         ;
  128 00000060         ; Parameters:
  129 00000060         ;   R0 = input value (32-bit)
  130 00000060         ;
  131 00000060         ; Returns:
  132 00000060         ;   R0 = number of leading zeros (0 to 32)
  133 00000060         Bitwise_GetCountLeadingZero
                               FUNCTION
  134 00000060 E92D 4DF0       STMFD            sp!, {r4-r8, r10-r11, lr}
  135 00000064         
  136 00000064 FAB0 F080       CLZ              r0, r0
  137 00000068         
  138 00000068 E8BD 8DF0       LDMFD            sp!, {r4-r8, r10-r11, pc}
  139 0000006C                 ENDFUNC
  140 0000006C         
  141 0000006C                 END
Command Line: --debug --xref --diag_suppress=9931,A1950W --cpu=Cortex-M3 --depe
nd=.\output\bitwise.d -o.\output\bitwise.o -I.\RTE\_LandTiger_LPC1768__release_
 -IC:\Keil_v5\ARM\PACK\ARM\CMSIS\6.1.0\CMSIS\Core\Include -IC:\Keil_v5\ARM\PACK
\Keil\LPC1700_DFP\2.7.1\Device\Include --predefine="__EVAL SETA 1" --predefine=
"__UVISION_VERSION SETA 540" --predefine="LPC175x_6x SETA 1" --predefine="_RTE_
 SETA 1" --list=.\output\bitwise.lst bitwise.s



ARM Macro Assembler    Page 1 Alphabetic symbol ordering
Relocatable symbols

Bitwise_GetC2_32bit 00000038

Symbol: Bitwise_GetC2_32bit
   Definitions
      At line 86 in file bitwise.s
   Uses
      At line 14 in file bitwise.s
Comment: Bitwise_GetC2_32bit used once
Bitwise_GetC2_64bit 00000048

Symbol: Bitwise_GetC2_64bit
   Definitions
      At line 108 in file bitwise.s
   Uses
      At line 15 in file bitwise.s
Comment: Bitwise_GetC2_64bit used once
Bitwise_GetCountLeadingZero 00000060

Symbol: Bitwise_GetCountLeadingZero
   Definitions
      At line 133 in file bitwise.s
   Uses
      At line 16 in file bitwise.s
Comment: Bitwise_GetCountLeadingZero used once
Bitwise_GetCountSetBits_V1 00000000

Symbol: Bitwise_GetCountSetBits_V1
   Definitions
      At line 29 in file bitwise.s
   Uses
      At line 12 in file bitwise.s
Comment: Bitwise_GetCountSetBits_V1 used once
Bitwise_GetCountSetBits_V2 0000001C

Symbol: Bitwise_GetCountSetBits_V2
   Definitions
      At line 59 in file bitwise.s
   Uses
      At line 13 in file bitwise.s
Comment: Bitwise_GetCountSetBits_V2 used once
bitwise_utils 00000000

Symbol: bitwise_utils
   Definitions
      At line 5 in file bitwise.s
   Uses
      None
Comment: bitwise_utils unused
count_loop_v1 00000006

Symbol: count_loop_v1
   Definitions
      At line 34 in file bitwise.s
   Uses
      At line 41 in file bitwise.s
Comment: count_loop_v1 used once
exit_count_v1 00000018

Symbol: exit_count_v1



ARM Macro Assembler    Page 2 Alphabetic symbol ordering
Relocatable symbols

   Definitions
      At line 43 in file bitwise.s
   Uses
      At line 36 in file bitwise.s
Comment: exit_count_v1 used once
loop_count_bits 00000028

Symbol: loop_count_bits
   Definitions
      At line 65 in file bitwise.s
   Uses
      At line 69 in file bitwise.s
Comment: loop_count_bits used once
no_carry 0000005C

Symbol: no_carry
   Definitions
      At line 118 in file bitwise.s
   Uses
      At line 115 in file bitwise.s
Comment: no_carry used once
10 symbols
344 symbols in table
